******************************************************************************
                  TI ARM Linker Unix v20.2.7                   
******************************************************************************
>> Linked Wed May 10 10:35:34 2023

OUTPUT FILE NAME:   <blinky.out>
ENTRY POINT SYMBOL: "_c_int00_noargs"  address: 00000575


MEMORY CONFIGURATION

         name            origin    length      used     unused   attr    fill
----------------------  --------  ---------  --------  --------  ----  --------
  FLASH                 00000000   00040000  000005e2  0003fa1e  R  X
  SRAM                  20000000   00008000  00000204  00007dfc  RW X


SEGMENT ALLOCATION MAP

run origin  load origin   length   init length attrs members
----------  ----------- ---------- ----------- ----- -------
00000000    00000000    000005e8   000005e8    r-x
  00000000    00000000    0000026c   0000026c    r-- .intvecs
  0000026c    0000026c    0000035e   0000035e    r-x .text
  000005d0    000005d0    00000018   00000018    r-- .cinit
20000000    20000000    00000204   00000000    rw-
  20000000    20000000    00000200   00000000    rw- .stack
  20000200    20000200    00000004   00000000    rw- .data


SECTION ALLOCATION MAP

 output                                  attributes/
section   page    origin      length       input sections
--------  ----  ----------  ----------   ----------------
.intvecs   0    00000000    0000026c     
                  00000000    0000026c     tm4c123gh6pm_startup_ccs.obj (.intvecs)

.text      0    0000026c    0000035e     
                  0000026c    000001c0     main.obj (.text)
                  0000042c    0000009c     rtsv7M4_T_le_v4SPD16_eabi.lib : memcpy_t2.asm.obj (.text)
                  000004c8    00000068                                   : copy_decompress_lzss.c.obj (.text:decompress:lzss:__TI_decompress_lzss)
                  00000530    00000044                                   : autoinit.c.obj (.text:__TI_auto_init_nobinit_nopinit:__TI_auto_init_nobinit_nopinit)
                  00000574    00000034                                   : boot_cortex_m.c.obj (.text:_c_int00_noargs:_c_int00_noargs)
                  000005a8    0000000e                                   : copy_decompress_none.c.obj (.text:decompress:none:__TI_decompress_none)
                  000005b6    0000000c     tm4c123gh6pm_startup_ccs.obj (.text)
                  000005c2    00000004     rtsv7M4_T_le_v4SPD16_eabi.lib : pre_init.c.obj (.text:_system_pre_init)
                  000005c6    00000004                                   : exit.c.obj (.text:abort:abort)

.cinit     0    000005d0    00000018     
                  000005d0    00000008     (__TI_handler_table)
                  000005d8    00000007     (.cinit..data.load) [load image, compression = lzss]
                  000005df    00000001     --HOLE-- [fill = 0]
                  000005e0    00000008     (__TI_cinit_table)

.init_array 
*          0    00000000    00000000     UNINITIALIZED

.data      0    20000200    00000004     UNINITIALIZED
                  20000200    00000004     main.obj (.data)

.stack     0    20000000    00000200     UNINITIALIZED
                  20000000    00000004     rtsv7M4_T_le_v4SPD16_eabi.lib : boot_cortex_m.c.obj (.stack)
                  20000004    000001fc     --HOLE--

__llvm_prf_cnts 
*          0    20000000    00000000     UNINITIALIZED

MODULE SUMMARY

       Module                         code   ro data   rw data
       ------                         ----   -------   -------
    ./
       tm4c123gh6pm_startup_ccs.obj   12     620       0      
       main.obj                       448    0         4      
    +--+------------------------------+------+---------+---------+
       Total:                         460    620       4      
                                                              
    /home/frank/ti/ccs1230/ccs/tools/compiler/ti-cgt-arm_20.2.7.LTS/lib/rtsv7M4_T_le_v4SPD16_eabi.lib
       memcpy_t2.asm.obj              156    0         0      
       copy_decompress_lzss.c.obj     104    0         0      
       autoinit.c.obj                 68     0         0      
       boot_cortex_m.c.obj            52     0         0      
       copy_decompress_none.c.obj     14     0         0      
       exit.c.obj                     4      0         0      
       pre_init.c.obj                 4      0         0      
    +--+------------------------------+------+---------+---------+
       Total:                         402    0         0      
                                                              
       Stack:                         0      0         512    
       Linker Generated:              0      23        0      
    +--+------------------------------+------+---------+---------+
       Grand Total:                   862    643       516    


LINKER GENERATED COPY TABLES

__TI_cinit_table @ 000005e0 records: 1, size/record: 8, table size: 8
	.data: load addr=000005d8, load size=00000007 bytes, run addr=20000200, run size=00000004 bytes, compression=lzss


LINKER GENERATED HANDLER TABLE

__TI_handler_table @ 000005d0 records: 2, size/record: 4, table size: 8
	index: 0, handler: __TI_decompress_lzss
	index: 1, handler: __TI_decompress_none


GLOBAL SYMBOLS: SORTED ALPHABETICALLY BY Name 

address   name                          
-------   ----                          
000005c7  C$$EXIT                       
000005b7  ResetISR                      
20000200  Warp9                         
20000200  __STACK_END                   
00000200  __STACK_SIZE                  
20000200  __STACK_TOP                   
000005e0  __TI_CINIT_Base               
000005e8  __TI_CINIT_Limit              
000005d0  __TI_Handler_Table_Base       
000005d8  __TI_Handler_Table_Limit      
00000531  __TI_auto_init_nobinit_nopinit
000004c9  __TI_decompress_lzss          
000005a9  __TI_decompress_none          
ffffffff  __TI_pprof_out_hndl           
ffffffff  __TI_prof_data_size           
ffffffff  __TI_prof_data_start          
00000000  __TI_static_base__            
0000042d  __aeabi_memcpy                
0000042d  __aeabi_memcpy4               
0000042d  __aeabi_memcpy8               
ffffffff  __binit__                     
ffffffff  __c_args__                    
UNDEFED   __mpu_init                    
20000000  __stack                       
20000000  __start___llvm_prf_cnts       
20000000  __stop___llvm_prf_cnts        
00000575  _c_int00_noargs               
UNDEFED   _system_post_cinit            
000005c3  _system_pre_init              
000005c7  abort                         
ffffffff  binit                         
000002ad  blueOff                       
000002a1  blueOn                        
000002e1  clockInit                     
0000026d  delay                         
00000000  g_pfnVectors                  
000002c5  greenOff                      
000002b9  greenOn                       
00000329  initLEDs                      
0000035b  main                          
0000042d  memcpy                        
00000295  redOff                        
00000289  redOn                         
000002d1  sw1Pressed                    


GLOBAL SYMBOLS: SORTED BY Symbol Address 

address   name                          
-------   ----                          
00000000  __TI_static_base__            
00000000  g_pfnVectors                  
00000200  __STACK_SIZE                  
0000026d  delay                         
00000289  redOn                         
00000295  redOff                        
000002a1  blueOn                        
000002ad  blueOff                       
000002b9  greenOn                       
000002c5  greenOff                      
000002d1  sw1Pressed                    
000002e1  clockInit                     
00000329  initLEDs                      
0000035b  main                          
0000042d  __aeabi_memcpy                
0000042d  __aeabi_memcpy4               
0000042d  __aeabi_memcpy8               
0000042d  memcpy                        
000004c9  __TI_decompress_lzss          
00000531  __TI_auto_init_nobinit_nopinit
00000575  _c_int00_noargs               
000005a9  __TI_decompress_none          
000005b7  ResetISR                      
000005c3  _system_pre_init              
000005c7  C$$EXIT                       
000005c7  abort                         
000005d0  __TI_Handler_Table_Base       
000005d8  __TI_Handler_Table_Limit      
000005e0  __TI_CINIT_Base               
000005e8  __TI_CINIT_Limit              
20000000  __stack                       
20000000  __start___llvm_prf_cnts       
20000000  __stop___llvm_prf_cnts        
20000200  Warp9                         
20000200  __STACK_END                   
20000200  __STACK_TOP                   
ffffffff  __TI_pprof_out_hndl           
ffffffff  __TI_prof_data_size           
ffffffff  __TI_prof_data_start          
ffffffff  __binit__                     
ffffffff  __c_args__                    
ffffffff  binit                         
UNDEFED   __mpu_init                    
UNDEFED   _system_post_cinit            

[44 symbols]
